### 1. 기법 분석 API (POST /api/analysis)의 초안 상태 미반영 및 DB 의존 (barId)

  • 현상:
      • 추천 API는 초안 마디(bars)를 넘기도록 개선되었으나, 기법 분석 API는 여전히 { projectId, sectionId,
      barId, beat, before, after }를 요청 스펙으로 두고 있습니다.
      • 사용자가 새 구간을 만들거나 코드를 변경한 직후에는 아직 전체 저장을 하지 않았으므로 DB에 barId가
      존재하지 않습니다.
      • 세컨더리 도미넌트 등은 **인접 코드(앞/뒤 마디 코드)**와의 관계를 분석해야 하는데, 서버가 DB를
      조회하면 초안의 변경사항이 반영되지 않은 과거 데이터를 읽게 됩니다.
  • 해결 방안:
      • 기법 분석 API 요청도 초안 데이터를 직접 받도록 수정하거나, 주변 맥락(context: { previousChord,
      nextChord } 또는 현재 4마디 블록의 코드 목록)을 페이로드에 함께 전달하도록 변경해야 합니다.

  ──────
  ### 2. 명시적 전체 저장(PUT /api/projects/:id) 성공 후 ID 동기화 (Re-hydration)

  • 현상:
      • 클라이언트에서 새로 추가한 구간(sections), 마디(bars), 코드(bar_chords)는 DB에 저장되기 전까지
      임시 클라이언트 식별자(temp-1, temp-2 등)를 가집니다.
      • 사용자가 [저장]을 눌러 PUT 요청을 보낸 후, 서버 SQLite는 실제 정수 AUTOINCREMENT PK를 발급합니다.
      • 만약 저장 성공 응답으로 { ok: true }만 내려온다면, 클라이언트 초안은 여전히 임시 ID를 들고 있게
      되어 이후 특정 구간 삭제나 마디 수정 시 서버와 ID 불일치가 발생합니다.
  • 해결 방안:
      • PUT /api/projects/:id의 성공 응답으로 **DB에 저장 완료된 최신 프로젝트 전체 트리(새로 발급된 정수
      ID들이 포함된 snapshot)**를 반환하고, 클라이언트는 이를 받아 초안 상태를 한 번에 동기화(Re-
      hydrate)해야 합니다.

  ──────
  ### 3. 복수 코드(1~4박) 마디 수정 시 기법 분석 트리거 규칙의 모호성

  • 현상:
      • 기능 정의서(FR-ANA-002)에 따르면 "복수 코드 마디 자체는 분석에서 제외하고, 이전 마디 분석 시 첫
      코드를, 다음 마디 분석 시 마지막 코드를 사용한다"고 되어 있습니다.
      • 만약 한 마디 안에 1박, 2박, 3박에 코드가 들어있을 때 사용자가 중간인 2박의 코드를 수정한 경우,
      기법 분석을 호출해야 하는지 모호합니다.
  • 해결 방안:
      • 복수 코드 마디 내부의 중간 박 수정 시에는 분석 요청 자체를 건너뛰고(return null),
      • 1박(첫 코드) 수정 시: 이전 마디와의 진행 기법만 분석
      • 마지막 박(마지막 코드) 수정 시: 다음 마디와의 진행 기법만 분석
      • 이렇게 클라이언트 단에서 명확한 사전 필터링 규칙을 정의해야 불필요한 API 호출을 방지할 수
      있습니다.

  ──────
  ### 4. 사용자 진행 검색(POST /api/user-progressions/search) 시 표시용 실제 코드명 누락
  • 현상:
      • 사용자 진행은 대문자 도수(예: I - II - I - I)로 관리되고, 검색도 x - II - I - x 와일드카드로
      수행됩니다.
      • 그러나 사용자가 검색 결과를 보고 현재 작업 중인 곡에 활용하려면 **현재 곡의 조성(tonic)에 맞는
      실제 코드명(C - Dm - C - C)**을 눈으로 확인해야 합니다.
      • 현재 사용자 검색 API 스펙에는 tonic 파라미터가 없습니다.
  • 해결 방안:
      • 방법 A: 검색 요청 본문에 tonic: "C"를 선택적으로 포함하여 서버가 displayName을 함께 응답.
      • 방법 B (권장): 이미 구축한 chord-realizer.ts를 활용해 클라이언트가 검색된 도수를 즉시 화면 표시
      코드로 변환.

  ──────
  ### 5. 빈 마디(Empty Bar)와 쉼표의 데이터 표현 및 추천 병합 기준

  • 현상:
      • 구간 마디 수를 8로 설정하면 8개의 마디가 생성되지만, 코드가 입력되지 않은 빈 마디는 bar_chords에
      레코드가 없습니다.
      • 사용자가 코드를 지웠을 때(Clear), 초안에서 chords: []로 표현되는지, null인지 명확한 컨벤션이
      필요합니다.
      • 4마디 추천 적용 시 "기존 코드는 유지하고 빈 칸만 채운다"는 로직이 정확히 동작하려면 빈 마디의
      기준이 확실해야 합니다.
  • 해결 방안:
      • 빈 마디는 항상 chords: [] (길이 0인 배열)로 표준화.
      • 추천 적용 로직: bar.chords.length === 0인 마디에만 추천 스텝의 1번 비트 코드를 주입하고, 기존
      코드가 1개라도 있는 마디는 건너뜁니다.

  ──────
  ### 6. 자동 저장 부재에 따른 브라우저 새로고침 시 데이터 유실 방지

  • 현상:
      • MVP 정책상 자동 저장이 배제되어 있습니다.
      • 사용자가 10분 동안 송폼과 코드를 작업하다가 실수로 브라우저 새로고침(F5), 뒤로가기, 탭 닫기를
      누르면 메모리에 있던 초안이 즉시 소멸합니다.
  • 해결 방안:
      • isDirty === true일 때 window.onbeforeunload 이벤트를 바인딩하여 브라우저 이탈 경고 팝업을 띄워야
      합니다.
      • Next.js App Router 내에서의 페이지 이동(예: 프로젝트 목록으로 이동) 시에도 저장되지 않은 변경사항
      확인 모달을 반드시 띄우도록 가드를 구현해야 합니다.

  ──────
  ### 7. 추천 정렬 중 diversity(다양성 그룹 순환)의 페이지네이션 상태 처리

  • 현상:
      • 다양성 정렬은 서로 다른 diversity_group을 번갈아 보여주어야 합니다.
      • 1페이지(3개)를 본 사용자가 [다음 페이지]를 눌렀을 때, 1페이지에 나왔던 그룹(diatonic_pop 등)이
      2페이지 첫 카드에 바로 중복 등장하면 다양성 효과가 떨어집니다.
  • 해결 방안:
      • 백엔드 시드 쿼리에서 그룹별 순번을 인터리빙(Interleaving)하는 고정 윈도우 정렬 쿼리를 구현하거나,
      클라이언트가 이미 노출된 excludeGroups 목록을 추천 API에 넘길 수 있도록 보완하는 것이 좋습니다.

  ──────
  ### 8. 송폼 순서 변경 및 구간 삭제 시 position 0-indexed 연속성 보장

  • 현상:
      • 백엔드 검증기(project-payload.ts)는 sections.position이 0부터 시작하는 연속 정수(0..N-1),
      bars.position이 1부터 시작하는 연속 정수(1..bar_count)를 강제함.
      • 클라이언트에서 구간 삭제나 순서 재배치 시 position이 어긋나면 PUT /api/projects/:id 검증에서
      전체 저장이 VALIDATION_ERROR로 거부됨.
  • 해결 방안:
      • 클라이언트 초안 직렬화 유틸에서 전송 직전 sections는 0..N-1, bars는 1..bar_count로 자동
      재색인(re-indexing) 및 빈 마디는 chords: []로 표준화 직렬화.

  ──────
  ### 9. 추천 매칭 시 extension 처리 유연성 (엄격 일치 vs 확장 허용)

  • 현상:
      • 도메인 매처(progression-matcher.ts)는 request.extension !== undefined일 때 candidate의
      extension과 엄격 비교함.
      • 사용자가 기본 3화음 도수(I, IV 등)만 선택하고 추천을 요청할 때 extension: null을 엄격히 넘기면
      maj7, 7 등 상위 텐션 명곡 진행이 전부 제외됨.
  • 해결 방안:
      • 사용자가 텐션을 명시적으로 고르지 않은 기본 도수 상태에서는 추천 API 요청 시 extension: undefined(생략)로
      전송하여 상위 텐션 진행도 포괄 추천되도록 유연성 확보.

  ──────
  ### 10. 코드 삭제(빈 마디화) 시 기법 분석 상태 리셋

  • 현상:
      • 이미 기법 배지가 떠 있는 마디에서 사용자가 코드를 삭제하여 빈 마디(chords: [])로 만든 경우
      target 코드가 없어 분석 API 요청이 무의미해짐.
  • 해결 방안:
      • 코드가 삭제된 경우 /api/analysis 호출을 생략하고 클라이언트 상태의 lastTechnique 피드백을
      즉시 null로 리셋.

  ──────
  ### 11. 신규 빈 프로젝트 생성 직후 첫 화면 온보딩 UX

  • 현상:
      • POST /api/projects로 새 프로젝트 생성 시 sections가 0개인 빈 상태로 시작하여 코드 차트에
      마디가 전혀 노출되지 않아 입문자 혼란 가능성.
  • 해결 방안:
      • 빈 프로젝트 감지 시 온보딩 안내 가이드와 빠른 시작 팝 송폼 프리셋([Intro(4) + Verse(8) + Chorus(8) 일괄 생성])
      원클릭 버튼 제공.

  ──────
  ### 12. 화면 표시 코드명(displayName)의 파생 상태(Derived State) 관리

  • 현상:
      • 상단에서 조성(tonic)을 변경했을 때 모든 마디의 표시 코드가 즉시 바뀌어야 함. 초안 상태에
      displayName을 정적으로 저장하면 Stale display 불일치 발생.
  • 해결 방안:
      • 초안 상태(ProjectDraft)에는 순수 도수/속성만 보존하고, displayName은 realizeChord(currentTonic, chord)로
      렌더링 시점에 실시간 파생 계산.

## 적용 결과 및 결정

### FE-W0-001: 기법 분석 API 초안 컨텍스트

- 적용: `/api/analysis`는 저장된 `projectId`, `sectionId`, `barId`에 의존하지 않고 `tonic`, `sectionName`, `blockStart`, `target`, 4마디 `bars` 컨텍스트를 받도록 `development_plan.md`에 반영했습니다.
- 효과: 저장 전 송폼·코드 변경사항도 분석할 수 있습니다.

### FE-W0-002: 저장 성공 후 초안 re-hydration

- 적용: `PUT /api/projects/:id` 성공 응답은 새 정수 ID를 포함한 최신 프로젝트 전체 트리를 반환하도록 정의했습니다.
- FE 작업: `fe-todo.md` 프로젝트 저장 UI에 임시 ID 교체와 전체 초안 동기화를 추가했습니다.

### FE-W0-003: 복수 코드 마디 분석 트리거

- 적용: 중간 박 변경은 분석 요청을 생략하고, 첫 코드 변경은 이전 관계만, 마지막 코드 변경은 다음 관계만 분석하도록 FE Todo에 추가했습니다.
- 충돌 없음: 기능 정의서의 복수 코드 마디 인접 분석 규칙과 일치합니다.

### FE-W0-004: 사용자 진행 검색 표시값

- 결정: 검색 API는 도수·코드 속성만 반환하고, FE가 현재 프로젝트 `tonic`으로 실제 코드명을 계산합니다.
- 이유: 사용자 진행 검색 API에 곡 조성을 결합하지 않고 기존 공유 변환 엔진을 재사용할 수 있습니다.

### FE-W0-005: 빈 마디 표현

- 결정: 빈 마디는 항상 `chords: []`로 표현합니다.
- 적용: 코드 삭제와 추천 병합 로직의 FE Todo에 동일 기준을 추가했습니다.

### FE-W0-006: 자동 저장 부재

- 적용: `isDirty` 기반 `beforeunload`와 App Router 이탈 경고를 기존 FE Todo 기준으로 유지합니다.
- 충돌 없음: MVP의 자동 저장 제외 정책을 변경하지 않습니다.

### FE-W0-007: 다양성 페이지네이션

- 결정: 클라이언트가 이전 페이지의 `diversityGroup`을 누적해 `excludeDiversityGroups`로 추천 API에 전달합니다.
- 적용: 추천 요청 계약과 FE 페이지네이션 Todo에 반영했습니다.

### FE-W0-008: 송폼/마디 position 재색인 직렬화

- 결정: 전체 저장 직전 sections는 `0..N-1`, bars는 `1..bar_count`로 순차 정규화 재색인.
- 적용: `fe-todo.md` Phase 1 직렬화 유틸에 반영.

### FE-W0-009: 추천 요청 시 extension 미지정 유연 매칭

- 결정: 기본 3화음 도수 입력 시 `extension: undefined`로 전송하여 상위 텐션 진행도 포괄 추천.
- 적용: `fe-todo.md` Phase 6 추천 요청 로직에 반영.

### FE-W0-010: 코드 삭제 시 기법 분석 리셋

- 결정: 마디 코드 삭제 시 `/api/analysis` 호출을 스킵하고 `lastTechnique`를 null로 초기화.
- 적용: `fe-todo.md` Phase 7 분석 피드백 로직에 반영.

### FE-W0-011: 빈 프로젝트 온보딩 가이드 및 팝 프리셋 일괄 생성

- 결정: sections가 0개일 때 안내 문구와 Intro(4)+Verse(8)+Chorus(8) 일괄 생성 버튼 제공.
- 적용: `fe-todo.md` Phase 3 송폼 편집기 Todo에 반영.

### FE-W0-012: displayName 실시간 파생 계산(Derived State)

- 결정: ProjectDraft 상태에는 순수 음악 속성만 유지하고, 화면 displayName은 `realizeChord`로 렌더링 시점에 계산.
- 적용: `fe-todo.md` Phase 1 도메인 모델 원칙에 반영.

## Review Result

- 위 해결책들은 클라이언트 초안·명시적 저장·Backend API 분리 원칙과 충돌하지 않습니다.
- 프론트엔드 작업 명세(`fe-todo.md`)와 백엔드 API 계약 문서에 모두 동기화되어 개발 준비를 완료했습니다.

──────

## FE Wave 0 구현 결과

### 생성된 컴포넌트 및 모듈
1. `app/lib/client/api.ts`:
   - Fetch 기반 표준 HTTP 클라이언트 (`apiClient.get`, `post`, `put`, `delete`)
   - 통일된 에러 모델 `ApiClientError(message, code, status)`
   - 네트워크 연결 단절 및 비정상 응답 핸들링
2. `app/components/common/Toast.tsx`:
   - `ToastProvider`, `useToast` 훅 (`success`, `error`, `info`, `warning`)
   - Tailwind 기반 플로팅 자동 소멸 토스트 시스템
3. `app/components/common/Modal.tsx` & `ConfirmDialog.tsx`:
   - 접근성(ESC 키 닫기, 배경 스크롤 차단, 백드롭 클릭 닫기) 지원 범용 모달 및 컨펌 다이얼로그
4. `app/components/layout/Header.tsx`:
   - CP Manager 로고, 인라인 곡명 수정, Key 배지, 저장 상태(수정됨/저장됨) 배지, 프로젝트 목록/사용자 진행/전체 저장 액션 바
5. `app/components/layout/WorkspaceLayout.tsx`:
   - 3단 워크스페이스 레이아웃 (좌: 송폼·조성, 중: 코드 차트 메인, 우: 추천·기법 패널), 패널 접기/펼치기 토글 지원
6. `app/components/workspace/WorkspaceShell.tsx`:
   - 메인 애플리케이션 셸 (상태 연동, 다이어토닉 7코드 퀵 바, 4마디 블록 그리드, 추천 카드, 실시간 기법 분석 카드)
   - `beforeunload` 미저장 이탈 방지 리스너 연동
7. `app/page.tsx`:
   - `ToastProvider`와 `WorkspaceShell` 결합
8. `test/client-api.test.ts`:
   - `apiClient` 성공 파싱, 에러 변환, 오프라인 핸들링 단위 테스트 4종 추가 (전체 18개 테스트 100% 통과)

### 검증 결과 (Gate `[G0-FE]` 통과)
- `npm run typecheck`: TypeScript 오류 0건
- `npm test`: 18개 테스트 전체 통과 (duration ~150ms)
- `npm run build`: Next.js 15 App Router 빌드 성공 (11개 정적/동적 라우트 정상 번들링)
- `[G0-FE]` 통과 확인: 3단 워크스페이스 셸 레이아웃과 모달/토스트가 정상 렌더링되고 반응형 배치가 유지됨.

──────
