# FE Wave Enhance 1 진행 및 기술 참조 로그

- 파일명: `wave_log/fe-wave-enhance1.log`
- 실행 일시: 2026-09-22
- 대상 범위: 전체 송폼 보기 화면 (Full Song Form Overview & Direct Edit), 구간별/전체 송폼 세그먼트 토글 UX, 전체 곡 누적 마디 번호(Cumulative Bar Metrics) 산출, 드래그 앤 드롭(DND) 순서 변경 실시간 동기화, 전체 뷰 내 다이어토닉 퀵 팔레트·단축키·모달 2-way 코드 편집

---

## 1. 작업 개요

기존에는 중앙 작업영역(`ChordChartGrid.tsx`)이 좌측에서 선택된 단 1개의 `activeSection`(예: Verse 8마디)만 표시하여, 곡 전체의 화성적 흐름을 종합적으로 조망하거나 다른 구간의 코드를 수정하려면 매번 좌측에서 구간을 일일이 전환해야 했습니다.

이번 작업을 통해 다음 요구사항을 완벽하게 구현하고 검증했습니다:
1. **세그먼트 뷰 모드 토글 (`viewMode: "single" | "all"`)**:
   - 좌측 송폼 구간 목록 상단에 `[🔍 구간별 보기]`와 `[📄 전체 송폼 보기]` 토글 버튼을 추가했습니다.
   - 현재 활성화된 모드를 시각적으로 명확하게 강조(Active 탭 섀도우 및 링 테두리)합니다.
2. **원스톱 송폼 카드 뷰 (`FullSongFormView.tsx`)**:
   - `project.sections` 전체를 순서대로 나열하여 곡 전체(Intro, Verse, Chorus, Bridge, Outro 등)의 코드 진행을 하나의 일체형 화면에서 조망할 수 있습니다.
   - 상단에 곡 전체 구간 수 및 총 마디 수 배지를 제공하고, 각 구간으로 즉시 스크롤 이동하는 퀵 뱃지 네비게이션을 지원합니다.
3. **전체 곡 누적 마디 번호 (Cumulative Bar Indexing)**:
   - 각 구간 내 마디 번호(예: #1~#8) 외에도, 곡 전체 관점에서의 누적 마디 번호(예: Intro 4마디 → #1~#4, Verse 8마디 → #5~#12, Chorus 8마디 → #13~#20)를 마디 카드(`BarCard`)와 구간 헤더에 함께 표기했습니다.
4. **드래그 앤 드롭(DND) 및 순서 변경 실시간 동기화**:
   - 좌측 송폼 패널에서 구간을 드래그하거나 `▲`/`▼` 버튼을 누르면 `reorderSections` 액션이 실행되고, `ProjectDraftContext`의 `project.sections` 불변 상태가 갱신되어 전체 송폼 화면의 카드 순서와 누적 마디 번호가 100% 실시간으로 재배치됩니다.
5. **전체 송폼 모드 내 완벽한 코드 편집 (Direct Editing)**:
   - 전체 송폼 모드에서도 임의의 구간, 임의의 마디/박자를 클릭하면 해당 구간과 마디가 선택 포커스를 받습니다.
   - 상단 다이어토닉 7코드 퀵 팔레트(선택된 구간명 `[Verse]` 표기), 키보드 단축키(`1~7`, `Delete/Backspace`), 코드 속성 편집 모달(`ChordEditModal`)이 온전히 동작합니다.
   - 우측의 4마디 추천 패널(`RecommendationPanel`)과 기법 분석 카드(`TechniqueCard`) 역시 선택된 구간의 블록을 자동으로 감지하여 실시간 추천 및 분석을 제공합니다.
6. **단일 구간 보기로의 쉬운 복귀**:
   - 각 구간 카드 우측 상단의 `[🔍 이 구간만 보기]` 버튼을 클릭하거나 좌측 구간 목록에서 특정 구간을 클릭하면 해당 구간의 단독 상세 뷰(`ChordChartGrid`)로 손쉽게 전환됩니다.
7. **송폼 카드 최소화/접기 (Section Card Collapse & Minimize)**:
   - 각 구간별로 `[▼ 펼치기]` / `[▲ 최소화]` 버튼 및 좌측 화살표(`▶`/`▼`)를 통해 개별 송폼 카드를 접을 수 있습니다.
   - 카드가 접히면 4마디 블록 그리드는 숨겨지고, 컴팩트한 단일 행 바 형태로 축소되어 공간을 대폭 절약합니다.
   - 접힌 상태에서도 구간명, 마디 수, 전체 누적 마디 번호는 물론 **실제 입력된 코드 진행 요약 뱃지(예: `진행: C - Am - F - G7 (+2)`)**가 제공되어 음악적 흐름을 즉시 파악할 수 있습니다.
   - 상단 헤더 컨트롤에 `[모두 접기]` 및 `[모두 펼치기]` 버튼을 제공하여 대규모 송폼(8개 이상의 구간)도 한눈에 정리·비교할 수 있습니다.

---

## 2. 핵심 구현 아키텍처 및 코드 패턴

### 2.1 전체 곡 누적 마디 번호 산출 패턴
```typescript
let cumulativeOffset = 0;
const sectionsWithMetrics = sections.map((sec) => {
  const startTotalBar = cumulativeOffset + 1;
  const endTotalBar = cumulativeOffset + sec.bar_count;
  const offsetForSection = cumulativeOffset;
  cumulativeOffset += sec.bar_count;
  return {
    ...sec,
    startTotalBar,
    endTotalBar,
    cumulativeOffset: offsetForSection,
  };
});
const totalBars = cumulativeOffset;
```

### 2.2 구간 순서 변경 시 불변 동기화
- `draft-reducer.ts`의 `REORDER_SECTIONS` 액션:
  - `splice`로 요소를 이동시킨 후 `sections.map((sec, idx) => ({ ...sec, position: idx }))`를 반환.
  - `FullSongFormView`는 부모(`WorkspaceShell`)로부터 최신 `project.sections`를 props로 직접 받으므로, 별도의 로컬 복사본이나 비동기 동기화 단계 없이 즉각적이고 결정론적으로 리렌더링됩니다.

### 2.3 포커스 상태와 글로벌 도구 연동
- 전체 송폼 뷰에서 마디 클릭 시:
  ```typescript
  onSelectBar={(secId, barPos) => {
    setActiveSectionId(secId);
    setSelectedBarPosition(barPos);
    setSelectedBeat(null);
    const targetSec = project.sections.find((s) => s.id === secId);
    const blockStart = Math.floor((barPos - 1) / 4) * 4 + 1;
    setSelectedBlock({
      sectionId: secId,
      startBar: blockStart,
      endBar: Math.min(blockStart + 3, targetSec ? targetSec.bar_count : blockStart + 3),
    });
  }}
  ```
- `activeSectionId`가 클릭된 마디의 섹션으로 자동 전환되므로 상단 팔레트, 텐션 모달, 우측 추천 패널이 모두 동일한 컨텍스트를 즉시 공유합니다.

### 2.4 송폼 카드 최소화 및 코드 요약 프리뷰 패턴
```typescript
const [collapsedSectionIds, setCollapsedSectionIds] = useState<Set<string>>(new Set());

// 접힌 상태에서 표시할 실제 코드 진행 목록 추출
const allChordsInSec = sec.bars.flatMap((b) =>
  b.chords.map((c) => ({
    barPos: b.position,
    chordName: realizeChord(tonic, c),
  })),
);
```

---

## 3. 검증 결과

- **정적 타입 검사**: `npm run typecheck` 통과 (0 errors)
- **Next.js 프로덕션 빌드**: `npm run build` 성공 (Static & Dynamic 라우트 정상 생성)
- **단위/통합 테스트**: `npm test` 총 55개 테스트 100% 통과 (`55 passed`, 0 failed)
  - `FE Enhancement: Full Song Form Cumulative Metrics & Realtime Section Reordering Sync` 통과
  - `FE Enhancement: Direct Chord Editing and Isolation Across Sections in Full Song Form` 통과
  - `FE Enhancement: Songform Card Collapse/Minimize State and Summary Preview` 통과
  - `FE Enhancement: Recommendation Auto-Refresh upon Chord Input with Preserved Sort` 통과
  - `FE Enhancement: Fingerprint Reactivity and Exception State Transitions` 통과
- **테스트 파일**: [`test/fe-enhancement-overview.test.ts`](file:///Users/gimhyeyeon/Desktop/project/cpmanager/test/fe-enhancement-overview.test.ts)
