# FE Wave 3 진행 로그

- 실행 일시: 2026-09-21
- 대상 범위: 송폼 편집기 (구간 프리셋, 순서 재배치, 마디 수 스텝퍼, 코드 유실 방지), 4/4 코드 차트 그리드 (4마디 블록, 1마디 1코드 뷰, 1마디 4박 분할 뷰, 복수 코드 식별)

---

## 1. 작업 개요

FE Wave 2에서 완성된 프로젝트 관리 UI 위에, 곡의 뼈대를 이루는 **송폼(구간 및 마디 수) 편집기**와 핵심 메인 작업영역인 **4/4 박자 기반 코드 차트 그리드**를 전면 고도화했습니다.
특히 기획서 상의 핵심 요구사항이었던 **1마디 4박 분할 입력 뷰**, **복수 코드 마디의 시각적 구분 및 추천 제외 안내**, **마디 수 축소 시의 코드 유실 방지 가드**를 컴포넌트 단위로 분리·구현했습니다.

### 생성 및 갱신된 산출물

1. `app/components/songform/SectionList.tsx`:
   - 구간 목록 렌더링 및 선택 강조
   - 순서 재배치 버튼: 위로 이동(▲), 아래로 이동(▼) (첫/마지막 구간 자동 비활성화)
   - 마디 수 증감 스텝퍼: `-` / `+` 버튼을 통한 직관적인 마디 수(1~64) 조정
   - 마디 수 축소 시 초과 마디에 코드가 존재하는 경우 `ConfirmDialog`를 통한 경고 및 유실 방지
   - 구간 삭제 시 하위 마디/코드 동시 삭제 확인 대화상자 연동
2. `app/components/songform/AddSectionModal.tsx`:
   - 7종 표준 송폼 프리셋 칩 (`Intro`, `Verse`, `Pre-Chorus`, `Chorus`, `Interlude`, `Bridge`, `Outro`)
   - 사용자 정의 구간명 직접 입력 및 공백 검증
   - 빠른 마디 수 선택 칩 (`4마디`, `8마디`, `16마디`) 및 숫자 입력
3. `app/components/chordchart/ChordChartGrid.tsx`:
   - 활성 구간 헤더: 구간명, 마디 번호 범위 (`#1 ~ #N`), "구간 비우기" 액션
   - 뷰 모드 토글: **1마디 1코드 뷰** vs **4박 분할 뷰** 전환
   - 4마디 블록 컨테이너:
     - 겹치지 않는 4마디 단위 분할 (`1~4`, `5~8` 등)
     - 블록별 상태 배지 실시간 계산 (`4마디 추천 대상`, `4마디 미만`, `복수 코드 포함`, `4마디 입력 완료`)
4. `app/components/chordchart/BarCard.tsx`:
   - 마디 번호(`#position`) 및 인디고 포커스 링
   - **1마디 1코드 뷰**: 마디 중앙에 대형 실제 코드명(`displayName`) 및 도수/속성 표시
   - **1마디 4박 분할 뷰**: 1~4박 비트 눈금 슬롯 렌더링, 특정 박 클릭 시 `selectedBeat` 포커스 및 비트별 코드 독립 표시
   - 1마디에 2개 이상 코드가 입력된 경우 자동으로 4박 분할 뷰로 렌더링되고 `복수 N코드` 배지 노출
   - 명시적 삭제 버튼(`✕`)을 통한 마디/박 단위 코드 삭제
5. `app/components/workspace/WorkspaceShell.tsx`:
   - `SectionList`, `AddSectionModal`, `ChordChartGrid` 정식 결합
   - `selectedBeat` 상태 추가: 상단 다이어토닉 7코드 클릭 또는 키보드 단축키(1~7) 입력 시 선택된 박자에 코드 할당
   - Delete/Backspace 입력 시 선택된 박자 또는 마디 전체 안전 삭제
6. `test/fe-wave3-chordchart.test.ts`:
   - 구간 순서 재배치 및 0-based 색인 검증
   - 마디 수 확장 및 축소 시 초안 정합성 검증
   - 1마디 4박 분할(비트 1, 비트 3) 복수 코드 주입, 개별 박 삭제, 직렬화 무결성 검증
   - 4마디 블록 분할 알고리즘 단위 테스트 (3종 테스트 통과)

---

## 2. 발생한 기술적 이슈 및 해결 내역

### FE-W3-001: 마디 수 축소 시 초과 마디의 기존 코드 데이터 유실 방지
- **문제**:
  - 사용자가 8마디 구간의 마지막 8번 마디에 중요한 종결 코드를 입력해 둔 상태에서, 실수로 마디 수 감소(`-`) 버튼을 누르면 즉시 코드가 잘려나가 데이터가 유실될 위험이 있었습니다.
- **해결**:
  - `SectionList`의 마디 수 감소 핸들러에서 축소 대상이 되는 마지막 마디(`sec.bars[sec.bars.length - 1]`)에 `chords.length > 0`인 코드가 존재하는지 사전에 검사했습니다.
  - 코드가 존재하는 경우 `ConfirmDialog`를 띄워 "마디 수를 줄이면 N번 마디의 코드가 삭제됩니다. 계속하시겠습니까?" 경고를 제공하고 사용자의 명시적 승인이 있을 때만 `updateSectionBars`를 실행하도록 안전 가드를 장착했습니다.

### FE-W3-002: 1마디 1코드 뷰와 4박 분할 뷰의 자연스러운 공존 및 복수 코드 자동 감지
- **문제**:
  - 입문자는 대부분 1마디 1코드의 단순하고 큼직한 시각 피드백을 원하지만, 1마디 안에 2개 이상의 코드를 쪼개 넣어야 하는 곡(예: 1박 C, 3박 G)의 경우 1마디 1코드 뷰에서는 첫 번째 코드만 보이고 뒷 코드가 숨겨지는 문제가 있었습니다.
- **해결**:
  - 기본적으로는 큼직한 코드명이 표시되는 `1마디 1코드 뷰`로 작동하되, 툴바에서 `4박 분할 뷰`로 언제든 전환할 수 있도록 지원했습니다.
  - 특히 특정 마디에 코드가 2개 이상 입력된 경우(`isMultiChord: true`), 사용자가 1마디 1코드 뷰 모드에 있더라도 해당 마디는 자동으로 4박 분할 뷰로 확장되어 숨겨지는 코드 없이 모든 박자의 코드가 한눈에 드러나도록 지능형 렌더링을 구현했습니다.
  - `복수 N코드` 보라색 배지를 부여하여 사용자에게 4마디 추천에서 제외되는 이유를 시각적으로 직관 전달했습니다.

### FE-W3-003: 비트 단위 선택(`selectedBeat`)과 단축키(1~7)의 정밀한 결합
- **문제**:
  - 4박 분할 뷰에서 3번째 박자를 클릭하여 선택했을 때, 상단 다이어토닉 코드나 키보드 단축키(1~7)를 누르면 1박자에 코드가 덮어써지면 안 되고 선택된 3박자에 할당되어야 합니다.
- **해결**:
  - 워크스페이스 상태에 `selectedBeat: number | null`을 도입하여, 마디 클릭 시에는 기본 1박(또는 null)으로 포커스되고, 4박 분할 그리드의 특정 박 클릭 시에는 해당 박(`1..4`)이 정밀 포커스되도록 연결했습니다.
  - `setChord` 호출 시 `beat: selectedBeat || 1`을 전달하여 원하는 비트에 정확히 코드가 주입되도록 구현했습니다.

### FE-W3-004: 4마디 추천 대상 블록의 동적 타겟팅(2번째 블록 클릭 시 5~8마디 적용) 및 4마디 미만 적용 비활성화 가드
- **문제**:
  - 우측 패널의 4마디 추천 진행 카드에서 "적용하기" 클릭 시 시작 마디가 1마디로 하드코딩되어 있어, 사용자가 2번째 블록(5~8마디)을 클릭하고 적용하더라도 항상 1~4마디에 적용되는 결함이 있었습니다.
  - 또한 블록의 마디 수가 4마디 미만(예: 6마디 구간의 2번째 블록은 5~6마디 2마디뿐임)인 불완전한 블록인 경우에도 추천 적용 버튼이 활성화되어 있어 4마디 도수 진행 적용 규칙에 위배될 위험이 있었습니다.
- **해결**:
  - `WorkspaceShell`에서 `ProjectDraftContext`의 `selectedBlock` 및 `setSelectedBlock`을 연결하고, 차트 그리드에서 특정 블록 또는 마디를 클릭했을 때 활성 시작 마디(`activeStartBar`)와 끝 마디(`targetEndBar`)를 동적으로 산출하도록 개선했습니다.
  - 2번째 블록(5~8마디) 선택 시 `activeStartBar: 5`가 추천 패널에 전달되어 `applyRecommendation(activeSection.id, 5, rec.steps)`가 실행되도록 연결했습니다.
  - 대상 블록의 마디 수가 4개 미만인 경우(`isTargetBlockLessThanFour: true`), 우측 추천 카드의 적용 버튼에 `disabled` 속성을 부여하고 `4마디 미만 (${activeStartBar}~${targetEndBar}마디 적용 불가)` 안내 문구와 비활성 스타일(`cursor-not-allowed bg-slate-100 text-slate-400`)을 적용하여 불완전한 마디에 추천이 잘못 주입되는 것을 원천 차단했습니다.
  - 우측 추천 패널 상단에도 현재 타겟팅 중인 마디 번호 배지(`대상: #${activeStartBar} ~ #${targetEndBar}마디`)를 명시하여 사용자가 어느 블록에 코드가 들어갈지 즉각 인지할 수 있도록 개선했습니다.

---

## 3. 검증 결과 (Gate `[G3-FE]` 통과)

- **타입 검사**: `npm run typecheck` 통과 (TypeScript 에러 0건)
- **단위/통합 테스트**: `npm test` 총 36개 테스트 전체 통과 (`36 passed`, 0 failed)
  - FE Wave 3 신규 통합 테스트 `test/fe-wave3-chordchart.test.ts` 4종 전체 통과
- **Next.js 프로덕션 빌드**: `npm run build` 성공 (컴파일 시간 ~1040ms)
- **게이트 기준 충족 확인**:
  - 구간 추가·삭제·순서변경, 마디 수 증감 시 차트 그리드가 즉시 반응하고, 1마디 1코드 및 1마디 4박 분할 뷰, 빈 마디와 복수 코드 마디의 시각적 분기 처리, 4마디 블록 동적 선택 및 4마디 미만 비활성화 가드가 정상 동작함을 확인했습니다.

---

