# FE Wave 6 진행 로그

- 실행 일시: 2026-09-22
- 대상 범위: 사용자 진행 관리 모달 (`UserProgressionsModal`), 4자리 도수 와일드카드 검색, 새 진행 등록 폼, 현재 작업 4마디 원클릭 복사, 시스템 추천과 사용자 보관함의 엄격한 격리, 비파괴 초안 병합 연동, 통합 검증

---

## 1. 작업 개요

FE Wave 5(추천 패널 및 실시간 화성 기법 분석 연동)에 이어, 프론트엔드의 최종 구현 단계인 **FE Wave 6 (사용자 진행 보관함 및 통합 검증)** 작업을 완료했습니다.

기존 상단 네비게이션 헤더의 "⭐ 사용자 진행" 버튼에 연결되어 있던 임시 Mock 셸 프리뷰 모달을 완전히 제거하고, 실제 백엔드 API (`/api/user-progressions`, `/api/user-progressions/search`, `/api/user-progressions/:id`)와 연동되는 완성형 컴포넌트인 `UserProgressionsModal.tsx`를 구현하여 연동했습니다.

### 주요 구현 기능:
1. **나만의 사용자 진행 보관함 모달 (`UserProgressionsModal.tsx`)**:
   - **탭 1: 보관함 목록 & 검색 (List & Search)**:
     - 곡명/진행명 실시간 텍스트 검색 (`GET /api/user-progressions?q=`)
     - **4자리 도수 패턴 검색기 (`POST /api/user-progressions/search`)**:
       - 4개의 인풋 슬롯(`[ #1 ] [ #2 ] [ #3 ] [ #4 ]`)을 제공하여 `x` 와일드카드와 대문자 도수 조합(예: `x - II - V - x`) 검색 지원
       - **전체 와일드카드 방지 가드**: 4자리 모두 `x`이거나 비어 있는 경우 검색 버튼 비활성화 및 경고 안내 노출
       - 검색 조건 초기화 버튼 제공
     - **진행 카드 뷰**:
       - 진행 이름, 생성일, 설명/메모, 송폼 태그 배지(`Intro`, `Verse`, `Chorus` 등)
       - 4개 스텝의 도수 및 현재 프로젝트 조성(`tonic`)에 맞춰 실시간 변환된 실제 코드명 렌더링 (예: `Cmaj7 - G7/B - Am7 - Fmaj7`)
       - **[이 진행 4마디에 적용] 액션 버튼**: 현재 활성화된 송폼 구간의 타겟 4마디 블록(예: `#1~#4` 또는 `#5~#8`)에 비파괴적으로 안전하게 병합
       - **개별 삭제 기능**: 삭제 확인 대화상자(`ConfirmDialog`)를 거쳐 `DELETE /api/user-progressions/:id` 호출
   - **탭 2: 새 진행 등록 (Register Form)**:
     - 필수 진행 이름 및 설명 텍스트에어리어
     - 7대 표준 송폼 태그 다중 선택 토글 버튼
     - **4개 스텝 도수 빌더**:
       - 각 마디별 도수(`degree`), 품질(`quality`), 확장(`extension`), 슬래시 베이스 도수(`bass_degree`) 설정
       - 품질 선택 시 비호환 확장 자동 초기화 (`COMPATIBLE_EXTENSIONS` 연동)
       - 각 스텝별 현재 조성 기준 실제 코드명 실시간 미리보기 제공
     - **"현재 작업 중인 4마디에서 복사" 기능**:
       - 작업영역에서 작업하던 4마디의 코드 속성을 한 번의 클릭으로 등록 폼에 그대로 가져와 빠르게 보관함에 저장할 수 있도록 지원
2. **시스템 추천(160종)과 사용자 보관함의 엄격한 격리**:
   - 시스템 기본 추천 진행(160개)은 우측 사이드 패널(`RecommendationPanel`)에서만 탐색되며, 사용자가 등록한 진행은 상단 "⭐ 사용자 진행" 모달에서만 독립적으로 관리 및 검색됩니다.
   - 두 데이터는 DB 스키마(`system_recommendation_progressions` vs `user_progressions`)와 API 엔드포인트가 완전히 분리되어 상호 간섭이 발생하지 않습니다.
3. **작업영역 통합 (`WorkspaceShell.tsx`)**:
   - 헤더의 "⭐ 사용자 진행" 버튼 클릭 시 `UserProgressionsModal` 오픈
   - 선택된 사용자 진행의 4개 스텝을 `applyRecommendation`을 통해 클라이언트 초안의 현재 4마디 블록에 비파괴적으로 반영

---

## 2. 발생한 기술적 이슈 및 해결 내역

### FE-W6-001: 목록 조회 API의 도수 스텝 및 송폼 태그 미포함 문제 해결
- **문제**:
  - 기존 백엔드 `listUserProgressions` 함수가 `SELECT id, name, description, created_at FROM user_progressions`만 반환하여, 모달 목록 화면에서 각 진행 카드의 4개 도수와 실제 코드명 및 송폼 태그를 렌더링하려면 N번의 추가 상세 조회(`/api/user-progressions/:id`) 요청이 필요했습니다.
- **해결**:
  - `user-progression-repository.ts`의 `listUserProgressions`에서 각 행의 `formTags`와 `steps`를 매핑하여 일괄 반환하도록 개선했습니다.
  - 이를 통해 추가 네트워크 워터폴 없이 단 1회의 호출로 모든 사용자 진행의 4마디 코드 구성과 태그를 즉시 렌더링할 수 있게 되었습니다.

### FE-W6-002: 도수 확장과 품질 호환성 검증 에러 대응
- **문제**:
  - 테스트 및 폼 입력 시 도미넌트 7코드(`V7`)를 `quality: "major"`, `extension: "7"`로 전달할 경우, 백엔드 정규화기(`normalizeStep`)의 화음 호환성 검증에 의해 400/500 에러가 발생했습니다 (`Extension 7 is incompatible with quality major`).
- **해결**:
  - 도미넌트 7코드는 `quality: "dominant"`, `extension: "7"`로 설정되어야 합니다.
  - `UserProgressionsModal`의 스텝 편집기에서 `quality` 변경 시 해당 품질의 호환 확장 목록(`COMPATIBLE_EXTENSIONS[quality]`)에 포함되지 않는 확장은 자동으로 `null`로 초기화하도록 방어 로직을 적용했습니다.

### FE-W6-003: 4자리 도수 와일드카드 검색 시 전체 와일드카드(`x-x-x-x`) 방어
- **문제**:
  - 4개의 입력창이 모두 비어 있거나 `x`인 상태로 패턴 검색을 실행하면 시스템 상 모든 사용자 진행이 무분별하게 조회되거나 백엔드 조건 부하가 발생할 수 있습니다.
- **해결**:
  - 클라이언트 단에서 `tokens.every(t => !t.trim() || t.trim().toLowerCase() === "x")`를 실시간 계산하여 전체가 와일드카드인 경우 검색 버튼을 비활성화(`disabled`)하고, "최소 1개 이상의 도수를 지정해야 합니다" 경고 안내를 노출하도록 구현했습니다.

---

## 3. 검증 결과 (Gate `[G6-FE]` 통과)

- **정적 타입 검사**: `npm run typecheck` 통과 (TypeScript 에러 0건)
- **단위/통합 테스트**: `npm test` 총 50개 테스트 전체 통과 (`50 passed`, 0 failed)
  - `FE Wave 6: User Progression Registration, Listing, and Realized Chords` 통과
  - `FE Wave 6: Wildcard 4-token Pattern Search and All-Wildcard Guard` 통과
  - `FE Wave 6: Non-Destructive Application of User Progression into Client Draft` 통과
- **Next.js 프로덕션 빌드**: `npm run build` 성공 (컴파일 시간 ~1143ms)
- **게이트 기준 충족 확인**:
  - 사용자 진행이 시스템 추천(160개)과 완전히 분리되어 등록·조회·검색되고, 4자리 와일드카드 검색이 정확히 동작하며, 입문자가 한 곡을 구성하고 저장할 수 있는 전체 사용자 여정이 완벽하게 성립함을 확인했습니다.

---
