# FE Wave 2 진행 로그

- 실행 일시: 2026-09-21
- 대상 범위: 프로젝트 관리 UI (목록 조회, 실시간 검색, 생성 모달, 수동 저장/불러오기/삭제), 12개 장조 조성 선택기 연동, 미저장 가드

---

## 1. 작업 개요

FE Wave 1에서 완성된 클라이언트 초안 스토어를 실제 백엔드 프로젝트 REST API(`GET /api/projects`, `POST /api/projects`, `GET /api/projects/:id`, `PUT /api/projects/:id`, `DELETE /api/projects/:id`)와 유기적으로 결합하여, 완전한 프로젝트 관리 라이프사이클을 완성했습니다.

### 생성 및 갱신된 산출물

1. `app/components/project/ProjectListModal.tsx`:
   - 백엔드 `GET /api/projects?q=` 연동 실시간 검색창 (디바운스 200ms)
   - 프로젝트 목록(곡명, 기준 조성, 최종 수정 일시, 현재 열린 프로젝트 배지) 렌더링
   - 불러오기 시 미저장 변경사항(`isDirty`) 감지 및 경고 확인창(`ConfirmDialog`) 연동
   - 삭제 확인 대화상자(`ConfirmDialog`) 및 `DELETE /api/projects/:id` 연동
   - 삭제된 프로젝트가 현재 편집 중인 프로젝트일 경우 자동 초기화 처리
2. `app/components/project/CreateProjectModal.tsx`:
   - 곡 이름 공백 검증 및 실시간 에러 피드백
   - 12개 표준 장조(`C`, `Db`, `D`, `Eb`, `E`, `F`, `Gb`, `G`, `Ab`, `A`, `Bb`, `B`) 선택 그리드
   - 시작 송폼 템플릿 3종(기본 팝 3구간 / 단일 8마디 / 빈 프로젝트) 선택 지원
   - `POST /api/projects` 호출 후 템플릿 구간을 즉시 `PUT /api/projects/:id`로 초기 적재하고 초안 스토어에 re-hydrate
3. `app/components/layout/Header.tsx`:
   - `+ 새 곡` 퀵 생성 버튼 추가
   - 곡 이름 인라인 클릭 편집(`contentEditable`/`input`) 및 Enter/Blur 반영
   - `isDirty` 상태에 따른 `수정됨(미저장)` 배지 및 `전체 저장` 버튼 활성화/비활성화
   - 저장 중 로딩 스피너 및 성공/실패 토스트 알림 연동
4. `app/components/workspace/WorkspaceShell.tsx`:
   - 임시 더미 모달을 제거하고 `ProjectListModal`, `CreateProjectModal` 정식 결합
   - 신규 프로젝트 생성/저장 시 DB ID가 없는 로컬 초안의 경우 `POST` -> `PUT` 2단계 자동 생성/저장 파이프라인 구축
   - 키보드 단축키(1~7, Backspace)가 모달 오픈 시 간섭하지 않도록 가드 보강
5. `test/fe-wave2-project.test.ts`:
   - 프로젝트 생성 → 클라이언트 초안 Hydrate → 송폼/코드 작성 → 12개 장조 변경 실시간 코드명 변환 → 직렬화 및 전체 저장(PUT) → 검색(GET ?q=) → 상세 불러오기(GET :id) → 삭제(DELETE) 전체 라이프사이클 통합 테스트 구축

---

## 2. 발생한 기술적 이슈 및 해결 내역

### FE-W2-001: 프로젝트 생성 시의 `mode` 필드 명시 및 초기 템플릿 구간 적재
- **문제**:
  - 백엔드 `validateProjectCreation`은 `name`과 `tonic`을 검증하며, `mode`가 전달될 경우 반드시 `"major"`여야 합니다.
  - `POST /api/projects`는 송폼 구간 없이 프로젝트 메타데이터 행만 생성하므로, 사용자가 '기본 팝 템플릿'을 선택하여 생성할 경우 구간 데이터가 DB에 반영되지 않는 문제가 있었습니다.
- **해결**:
  - `CreateProjectModal`에서 `POST /api/projects` 호출 시 `{ name, tonic, mode: "major" }`를 명시적으로 전송하도록 규격화했습니다.
  - 생성 직후 반환된 `projectId`를 기반으로 선택된 템플릿(기본 팝 3구간: Verse 8마디, Chorus 8마디, Bridge 4마디)을 `serializeProjectDraft`로 직렬화하여 `PUT /api/projects/:id`를 즉시 호출함으로써, DB와 클라이언트 초안 모두에 템플릿 구간이 완벽히 채워진 상태로 편집을 시작하도록 파이프라인을 설계했습니다.

### FE-W2-002: 클라이언트와 서버 간 `project.id` 타입 정합성 (`number | null`)
- **문제**:
  - 하위 구간(`SectionDraft.id`), 마디(`BarDraft.id`), 코드(`BarChordDraft.id`)는 임시 ID(`sec_...`, `bar_...`)와의 호환을 위해 문자열(`string`) 타입을 사용하지만, 최상위 `ProjectDraft.id`는 백엔드 SQLite의 AUTOINCREMENT 정수 PK(`number | null`)로 정의되어 있었습니다.
  - 컴포넌트 간 ID 비교(`item.id === project.id`) 시 문자열과 숫자가 혼용되어 엄격 비교(`===`) 시 동일 프로젝트 판별이 누락되는 현상이 발생했습니다.
- **해결**:
  - `ProjectDraft.id`는 일관되게 `number | null`로 유지하고, UI 비교 시에는 `String(item.id) === String(project.id)`로 정규화하여 안정적인 비교를 보장했습니다.
  - 단위 테스트(`test/fe-wave2-project.test.ts`)에서 `draft.id === projectId`가 정확히 숫자형으로 검증되도록 테스트 케이스를 동기화했습니다.

### FE-W2-003: 실시간 프로젝트 검색의 디바운스 처리 및 메모리 누수 방지
- **문제**:
  - 검색어 입력창에서 사용자가 한 글자씩 입력할 때마다 서버 `GET /api/projects?q=...`를 즉시 호출하면 불필요한 네트워크 트래픽 및 렌더링 지연이 발생할 수 있습니다.
- **해결**:
  - `ProjectListModal` 내부에 200ms `setTimeout` 기반의 디바운스 훅을 적용하여 타이핑 완료 시점에 한 번만 조회가 발생하도록 최적화했습니다.
  - 모달 언마운트 또는 검색어 재입력 시 `clearTimeout`을 호출하여 불필요한 비동기 작업과 메모리 누수를 원천 차단했습니다.

### FE-W2-004: 미저장 변경사항(`isDirty`) 상태에서의 프로젝트 전환 및 브라우저 이탈 방지
- **문제**:
  - 사용자가 마디를 수정하거나 코드를 입력한 상태(`isDirty: true`)에서 프로젝트 목록에서 다른 프로젝트를 '열기' 하거나 '새 프로젝트 만들기'를 누르면 작업 중인 초안이 경고 없이 덮어써져 작업 내용이 유실될 위험이 있었습니다.
- **해결**:
  - 프로젝트 열기 시 `isDirty` 상태이면 즉시 로드하지 않고 `ConfirmDialog`("저장되지 않은 변경사항이 있습니다. 다른 프로젝트를 열면 현재 변경사항은 유실됩니다.")를 띄워 사용자의 명시적 확인을 거친 후 로드하도록 가드를 장착했습니다.
  - 브라우저 탭 닫기/새로고침 시에도 `window.beforeunload` 이벤트 리스너를 통해 브라우저 기본 경고 다이얼로그를 호출하여 이탈을 방지했습니다.

### FE-W2-005: 12개 장조 조성 변경 시 즉각적인 도수-코드명 파생 동기화
- **문제**:
  - 사용자가 좌측 패널의 조성 선택기(`C`, `Db`, `D`, `Eb` 등)를 클릭할 때, 저장 상태와 상관없이 코드 차트의 모든 마디와 상단 7코드 팔레트가 즉각 해당 조성의 코드로 갱신되어야 합니다.
- **해결**:
  - `project.tonic`이 변경되면 `realizeChord(project.tonic, chord)`와 `getMajorDiatonicChords(project.tonic)`가 즉각 재계산되도록 파생 상태 구조를 유지했습니다.
  - 테스트(`test/fe-wave2-project.test.ts`)에서 `Eb` Major의 `I`(`Eb`), `V`(`Bb`) 코드가 조성을 `G` Major로 변경했을 때 상태 복사 없이 즉각 `G`, `D`로 렌더링됨을 정밀 검증했습니다.

---

## 3. 검증 결과 (Gate `[G2-FE]` 통과)

- **타입 검사**: `npm run typecheck` 통과 (TypeScript 에러 0건)
- **단위/통합 테스트**: `npm test` 총 32개 테스트 전체 통과 (`32 passed`, 0 failed)
  - FE Wave 2 신규 통합 테스트 `test/fe-wave2-project.test.ts` 통과
- **Next.js 프로덕션 빌드**: `npm run build` 성공 (컴파일 시간 ~747ms)
- **게이트 기준 충족 확인**:
  - 신규 프로젝트 생성(`POST /api/projects`) → 템플릿 적재(`PUT /api/projects/:id`) → 조성 변경 및 실시간 코드명 재계산 → 헤더 인라인 곡명 수정 → 수동 저장(`PUT`) → 프로젝트 목록 검색(`GET /api/projects?q=`) → 상세 불러오기(`GET /api/projects/:id`) → 삭제(`DELETE /api/projects/:id`)가 모두 실제 API 및 UI 피드백(토스트 알림, 컨펌 다이얼로그)과 함께 완벽히 동작함을 확인했습니다.

---
