# Audio Playback Enhancement Wave 3 Log

## Status

- Date: 2026-09-23
- Scope: Phase 3. Tone.js 기반 클라이언트 오디오 엔진 및 타임라인 스케줄러 구축
- Status: Complete

---

## 1. 구현 내용 (Implemented)

1. **라이브러리 설치**:
   - `tone@15.1.22` 설치 완료.
   - Next.js 15 App Router 환경에서 SSR 충돌을 원천 차단하기 위해 동적 임포트(`await import("tone")`) 및 `typeof window === "undefined"` 팩토리 가드 구축.

2. **비트 지속 시간 및 타임라인 계산기 (`app/lib/client/audio/timeline-calculator.ts`)**:
   - `calculateBarChordDurations`:
     - 4/4 박자 기준 마디 내 비트(1~4) 간격을 분석하여 코드 지속 시간(Duration in Beats)을 자동 산출.
     - 1마디 1코드: 4비트(온음표), 1마디 2코드: 각각 2비트(2분음표), 1마디 4코드: 각각 1비트(4분음표).
   - `buildProjectPlaybackTimeline`:
     - 프로젝트 전체 또는 특정 `targetSectionId`를 순회하며 순차적 마디/비트 단위 이벤트(`PlaybackChordEvent[]`) 생성.
     - 코드가 비어 있는 마디는 4비트짜리 쉼표(Rest) 이벤트로 생성하여 타임라인 싱크 유지.
     - 순수 함수로 구성하여 Node 테스트 환경 및 브라우저 양쪽에서 완전한 결정론적(Deterministic) 결과 보장.

3. **오디오 엔진 싱글톤 서비스 (`app/lib/client/audio/audio-engine.ts`)**:
   - `AudioEngine` 싱글톤 구현.
   - `unlockAudioContext()`: 사용자 첫 제스처 시 `Tone.start()`를 통한 AudioContext 언락.
   - `PolySynth`:
     - triangle 오실레이터, attack 0.01s, decay 1.2s, sustain 0.25, release 0.8s로 피아노/EP 느낌의 부드러운 화음 음색 구성.
     - `maxPolyphony: 16`으로 보이스 고갈(Voice Stealing) 및 메모리 누수 방지.
   - `MetronomeSynth`:
     - 다운비트(1번째 박): 1200Hz 고음 클릭 (32n 길이).
     - 서브비트(2, 3, 4번째 박): 800Hz 저음 클릭 (32n 길이).
   - `setVolume`: 0.0~1.0 게인을 데시벨(-40dB ~ 0dB)로 변환하고 `rampTo`를 적용하여 노이즈 없는 부드러운 볼륨 전환.
   - `playAuditionChord`: 0.8초간 단일 화음 1회 재생 (청음 기능).

4. **타임라인 스케줄러 (`app/lib/client/audio/audio-scheduler.ts`)**:
   - `AudioScheduler` 싱글톤 구현.
   - `play`, `pause`, `stop`: `Tone.Transport` 제어 및 재생 상태(`playing`, `paused`, `stopped`) 관리.
   - `setBpm`: 재생 중에도 끊김 없이 즉시 BPM을 변경하는 실시간 라이브 템포 조절.
   - `setLoop`: 전체 곡 또는 섹션 루프 지원.
   - `setMetronome`: `Tone.Transport.scheduleRepeat("4n")` 기반 매 비트 메트로놈 클릭 연동.
   - `onTick`: 매 비트마다 현재 재생 마디 및 비트 위치(`PlayheadPosition`) 콜백 발생.
   - `reschedule`: 재생 중에 마디나 코드가 변경되어도 현재 재생 위치를 유지한 채 타임라인을 교체하는 핫 리스케줄링(Hot-Rescheduling) 지원.

5. **단위 테스트 슈트 작성 (`test/timeline-calculator.test.ts`)**:
   - 1코드, 2코드, 3코드, 4코드, 빈 마디의 지속 시간 계산 검증.
   - 순차적 타임라인(쉼표, 4박 화음, 2박 화음) 및 섹션 필터링 검증.
   - Node SSR 환경에서 `AudioEngine` 및 `AudioScheduler`가 예외 없이 안전하게 no-op 동작하는 SSR 가드 무결성 검증.

---

## 2. 발견된 이슈 및 해결 내역 (Issues and Resolutions)

### Issue P3-001: Tone.js의 SSR 정적 임포트 시 window 미정의 위험
- **현상**: 서버 빌드 또는 Node 테스트 환경에서 `import * as Tone from 'tone'`을 상단에 정적으로 선언할 경우 Web Audio API(`window.AudioContext`) 부재로 빌드가 실패할 위험.
- **원인 분석**: Next.js App Router는 서버 사이드 컴파일을 수행하므로 Web Audio 전역 객체를 참조하는 라이브러리를 직접 import하면 안 됨.
- **해결 조치**:
  - `AudioEngine.init()` 내에서 `await import("tone")` 동적 임포트를 수행하고, `typeof window === "undefined"`인 환경에서는 즉시 반환하도록 완전 격리함.
  - 시간 계산 로직(`timeline-calculator.ts`)을 순수 함수로 분리하여 Node 테스트 환경에서도 100% 검증할 수 있도록 설계함.

---

## 3. 검증 결과 (Verification)

```text
npm run typecheck -> 0 errors
npm test -> 93 tests passed (100% Pass, 0 Fail, 0 skipped)
npm run build -> Next.js 15.5.25 Production build succeeded (15 routes generated)
```

Gate 3 조건을 완벽히 충족하였으며, 다음 단계는 **Phase 4: 재생 컨트롤러 UI (`PlaybackToolbar.tsx`) 구현**입니다.
